// Jest Snapshot v1, https://goo.gl/fbAQLP

exports[`SecurityRequirement should render SecurityDefs 1`] = `
"<div id=\\"section/Authentication/petstore_auth\\" data-section-id=\\"section/Authentication/petstore_auth\\" class=\\"sc-fqkvVR cUdYjH\\"><div class=\\"sc-gsFSXq hTEUeN\\"><div class=\\"sc-eqUAAy hOBpGl\\"><h2 class=\\"sc-imWYAI ilFlXw\\">petstore_auth</h2><div class=\\"sc-bXCLTC sc-kOPcWz bYZzjQ iwgiL\\"><p>Get access to data while protecting your account credentials.
OAuth2 is also a safer and more secure way to give you access.</p>
</div><div class=\\"sc-EgOXT jPTZuh\\"><div class=\\"sc-iEXKAA klPcUf\\"><b>Security Scheme Type: </b><span>OAuth2</span></div><div class=\\"sc-bXCLTC sc-kOPcWz bYZzjQ iwgiL\\"><div class=\\"sc-iEXKAA klPcUf\\"><b>Flow type: </b><code>implicit </code></div><div class=\\"sc-iEXKAA klPcUf\\"><strong> Authorization URL: </strong><code><a target=\\"_blank\\" rel=\\"noopener noreferrer\\" href=\\"http://petstore.swagger.io/api/oauth/dialog\\">http://petstore.swagger.io/api/oauth/dialog</a></code></div><div class=\\"sc-iEXKAA klPcUf\\"><b> Scopes: </b></div><div class=\\"sc-eZYNyq fwuKnP container\\" style=\\"height: 4em;\\"><ul><li><code>write:pets</code> - <div class=\\"sc-bXCLTC sc-kOPcWz bYZzjQ iwgiL sc-eBMEME ecVUpV redoc-markdown\\"><p>modify pets in your account</p>
</div></li><li><code>read:pets</code> - <div class=\\"sc-bXCLTC sc-kOPcWz bYZzjQ iwgiL sc-eBMEME ecVUpV redoc-markdown\\"><p>read your pets</p>
</div></li></ul></div><div class=\\"sc-dlWCHZ elWUet\\"></div></div></div></div></div></div><div id=\\"section/Authentication/GitLab_PersonalAccessToken\\" data-section-id=\\"section/Authentication/GitLab_PersonalAccessToken\\" class=\\"sc-fqkvVR cUdYjH\\"><div class=\\"sc-gsFSXq hTEUeN\\"><div class=\\"sc-eqUAAy hOBpGl\\"><h2 class=\\"sc-imWYAI ilFlXw\\">GitLab_PersonalAccessToken</h2><div class=\\"sc-bXCLTC sc-kOPcWz bYZzjQ iwgiL\\"><p>GitLab Personal Access Token description</p>
</div><div class=\\"sc-EgOXT jPTZuh\\"><div class=\\"sc-iEXKAA klPcUf\\"><b>Security Scheme Type: </b><span>API Key</span></div><div class=\\"sc-bXCLTC sc-kOPcWz bYZzjQ iwgiL\\"><div class=\\"sc-iEXKAA klPcUf\\"><b>Header parameter name: </b><code>PRIVATE-TOKEN</code></div></div></div></div></div></div><div id=\\"section/Authentication/GitLab_OpenIdConnect\\" data-section-id=\\"section/Authentication/GitLab_OpenIdConnect\\" class=\\"sc-fqkvVR cUdYjH\\"><div class=\\"sc-gsFSXq hTEUeN\\"><div class=\\"sc-eqUAAy hOBpGl\\"><h2 class=\\"sc-imWYAI ilFlXw\\">GitLab_OpenIdConnect</h2><div class=\\"sc-bXCLTC sc-kOPcWz bYZzjQ iwgiL\\"><p>GitLab OpenIdConnect description</p>
</div><div class=\\"sc-EgOXT jPTZuh\\"><div class=\\"sc-iEXKAA klPcUf\\"><b>Security Scheme Type: </b><span>OpenID Connect</span></div><div class=\\"sc-bXCLTC sc-kOPcWz bYZzjQ iwgiL\\"><div class=\\"sc-iEXKAA klPcUf\\"><b>Connect URL: </b><code><a target=\\"_blank\\" rel=\\"noopener noreferrer\\" href=\\"https://gitlab.com/.well-known/openid-configuration\\">https://gitlab.com/.well-known/openid-configuration</a></code></div></div></div></div></div></div><div id=\\"section/Authentication/basicAuth\\" data-section-id=\\"section/Authentication/basicAuth\\" class=\\"sc-fqkvVR cUdYjH\\"><div class=\\"sc-gsFSXq hTEUeN\\"><div class=\\"sc-eqUAAy hOBpGl\\"><h2 class=\\"sc-imWYAI ilFlXw\\">basicAuth</h2><div class=\\"sc-bXCLTC sc-kOPcWz bYZzjQ iwgiL\\"></div><div class=\\"sc-EgOXT jPTZuh\\"><div class=\\"sc-iEXKAA klPcUf\\"><b>Security Scheme Type: </b><span>HTTP</span></div><div class=\\"sc-bXCLTC sc-kOPcWz bYZzjQ iwgiL\\"><div class=\\"sc-iEXKAA klPcUf\\"><b>HTTP Authorization Scheme: </b><code>basic</code></div><div class=\\"sc-iEXKAA klPcUf\\"></div></div></div></div></div></div>"
`;

exports[`SecurityRequirement should render authDefinition 1`] = `"<div class=\\"sc-ejfMa-d bxAXLp\\"><div class=\\"sc-fifgRP jQicZf\\"><h5 class=\\"sc-kpDqfm sc-dkmUuB kbMhnl bCxaBH\\">Authorizations:</h5><svg class=\\"sc-dAlyuH dKWoyN\\" version=\\"1.1\\" viewBox=\\"0 0 24 24\\" x=\\"0\\" xmlns=\\"http://www.w3.org/2000/svg\\" y=\\"0\\" aria-hidden=\\"true\\"><polygon points=\\"17.3 8.3 12 13.6 6.7 8.3 5.3 9.7 12 16.4 18.7 9.7 \\"></polygon></svg></div><div class=\\"sc-bDumWk hJbAuJ\\"><span class=\\"sc-dBmzty eloTwG\\">(<span class=\\"sc-sLsrZ jeQHPN\\">API Key: <i>GitLab_PersonalAccessToken</i></span><span class=\\"sc-sLsrZ jeQHPN\\">OpenID Connect: <i>GitLab_OpenIdConnect</i></span><span class=\\"sc-sLsrZ jeQHPN\\">HTTP: <i>basicAuth</i></span>) </span><span class=\\"sc-dBmzty eloTwG\\"><span class=\\"sc-sLsrZ jeQHPN\\">OAuth2: <i>petstore_auth</i></span></span></div></div>,"`;

exports[`SecurityRequirement should render authDefinition 2`] = `
"<div class=\\"sc-ejfMa-d bXOvpd\\"><div class=\\"sc-fifgRP jQicZf\\"><h5 class=\\"sc-kpDqfm sc-dkmUuB kbMhnl bCxaBH\\">Authorizations:</h5><svg class=\\"sc-dAlyuH bCGcWv\\" version=\\"1.1\\" viewBox=\\"0 0 24 24\\" x=\\"0\\" xmlns=\\"http://www.w3.org/2000/svg\\" y=\\"0\\" aria-hidden=\\"true\\"><polygon points=\\"17.3 8.3 12 13.6 6.7 8.3 5.3 9.7 12 16.4 18.7 9.7 \\"></polygon></svg></div><div class=\\"sc-bDumWk ihBQQR\\"><span class=\\"sc-dBmzty fAwHRo\\">(<span class=\\"sc-sLsrZ jeQHPN\\">API Key: <i>GitLab_PersonalAccessToken</i></span><span class=\\"sc-sLsrZ jeQHPN\\">OpenID Connect: <i>GitLab_OpenIdConnect</i></span><span class=\\"sc-sLsrZ jeQHPN\\">HTTP: <i>basicAuth</i></span>) </span><span class=\\"sc-dBmzty fAwHRo\\"><span class=\\"sc-sLsrZ jeQHPN\\">OAuth2: <i>petstore_auth</i> (<code class=\\"sc-kbousE gHXeSf\\">write:pets</code><code class=\\"sc-kbousE gHXeSf\\">read:pets</code>) </span></span></div></div><div class=\\"sc-EgOXT jPTZuh\\"><h5><svg xmlns=\\"http://www.w3.org/2000/svg\\" viewBox=\\"0 0 24 24\\" width=\\"11\\" height=\\"11\\"><path fill=\\"currentColor\\" d=\\"M18 10V6A6 6 0 0 0 6 6v4H3v14h18V10h-3zM8 6c0-2.206 1.794-4 4-4s4 1.794 4 4v4H8V6zm11 16H5V12h14v10z\\"></path></svg> OAuth2: petstore_auth</h5><div class=\\"sc-bXCLTC sc-kOPcWz bYZzjQ iwgiL\\"><p>Get access to data while protecting your account credentials.
OAuth2 is also a safer and more secure way to give you access.</p>
</div><div class=\\"sc-bXCLTC sc-kOPcWz bYZzjQ iwgiL\\"><div class=\\"sc-iEXKAA klPcUf\\"><b>Flow type: </b><code>implicit </code></div><div class=\\"sc-iEXKAA klPcUf\\"><strong> Authorization URL: </strong><code><a target=\\"_blank\\" rel=\\"noopener noreferrer\\" href=\\"http://petstore.swagger.io/api/oauth/dialog\\">http://petstore.swagger.io/api/oauth/dialog</a></code></div><div><b>Required scopes: </b><code>write:pets</code> <code>read:pets</code> </div><div class=\\"sc-iEXKAA klPcUf\\"><b> Scopes: </b></div><div class=\\"sc-eZYNyq fwuKnP container\\" style=\\"height: 4em;\\"><ul><li><code>write:pets</code> - <div class=\\"sc-bXCLTC sc-kOPcWz bYZzjQ iwgiL sc-eBMEME ecVUpV redoc-markdown\\"><p>modify pets in your account</p>
</div></li><li><code>read:pets</code> - <div class=\\"sc-bXCLTC sc-kOPcWz bYZzjQ iwgiL sc-eBMEME ecVUpV redoc-markdown\\"><p>read your pets</p>
</div></li></ul></div><div class=\\"sc-dlWCHZ elWUet\\"></div></div></div><div class=\\"sc-EgOXT jPTZuh\\"><h5><svg xmlns=\\"http://www.w3.org/2000/svg\\" viewBox=\\"0 0 24 24\\" width=\\"11\\" height=\\"11\\"><path fill=\\"currentColor\\" d=\\"M18 10V6A6 6 0 0 0 6 6v4H3v14h18V10h-3zM8 6c0-2.206 1.794-4 4-4s4 1.794 4 4v4H8V6zm11 16H5V12h14v10z\\"></path></svg> API Key: GitLab_PersonalAccessToken</h5><div class=\\"sc-bXCLTC sc-kOPcWz bYZzjQ iwgiL\\"><p>GitLab Personal Access Token description</p>
</div><div class=\\"sc-bXCLTC sc-kOPcWz bYZzjQ iwgiL\\"><div class=\\"sc-iEXKAA klPcUf\\"><b>Header parameter name: </b><code>PRIVATE-TOKEN</code></div></div></div><div class=\\"sc-EgOXT jPTZuh\\"><h5><svg xmlns=\\"http://www.w3.org/2000/svg\\" viewBox=\\"0 0 24 24\\" width=\\"11\\" height=\\"11\\"><path fill=\\"currentColor\\" d=\\"M18 10V6A6 6 0 0 0 6 6v4H3v14h18V10h-3zM8 6c0-2.206 1.794-4 4-4s4 1.794 4 4v4H8V6zm11 16H5V12h14v10z\\"></path></svg> OpenID Connect: GitLab_OpenIdConnect</h5><div class=\\"sc-bXCLTC sc-kOPcWz bYZzjQ iwgiL\\"><p>GitLab OpenIdConnect description</p>
</div><div class=\\"sc-bXCLTC sc-kOPcWz bYZzjQ iwgiL\\"><div class=\\"sc-iEXKAA klPcUf\\"><b>Connect URL: </b><code><a target=\\"_blank\\" rel=\\"noopener noreferrer\\" href=\\"https://gitlab.com/.well-known/openid-configuration\\">https://gitlab.com/.well-known/openid-configuration</a></code></div></div></div><div class=\\"sc-EgOXT jPTZuh\\"><h5><svg xmlns=\\"http://www.w3.org/2000/svg\\" viewBox=\\"0 0 24 24\\" width=\\"11\\" height=\\"11\\"><path fill=\\"currentColor\\" d=\\"M18 10V6A6 6 0 0 0 6 6v4H3v14h18V10h-3zM8 6c0-2.206 1.794-4 4-4s4 1.794 4 4v4H8V6zm11 16H5V12h14v10z\\"></path></svg> HTTP: basicAuth</h5><div class=\\"sc-bXCLTC sc-kOPcWz bYZzjQ iwgiL\\"></div><div class=\\"sc-bXCLTC sc-kOPcWz bYZzjQ iwgiL\\"><div class=\\"sc-iEXKAA klPcUf\\"><b>HTTP Authorization Scheme: </b><code>basic</code></div><div class=\\"sc-iEXKAA klPcUf\\"></div></div></div>,"
`;
